c ---- [ banner ] ------------------------------------------------------------
c
c Kissat SAT Solver
c 
c Copyright (c) 2021-2024 Armin Biere University of Freiburg
c Copyright (c) 2019-2021 Armin Biere Johannes Kepler University Linz
c 
c Version 4.0.4 8af8e56f174b778aef3aa45af9f739b2a5f492c2
c Apple clang version 16.0.0 (clang-1600.0.26.6) -W -Wall -O3 -DNDEBUG
c Tue Aug 11 03:17:30 PDT 2026 Darwin BUNDLE-HOST 24.1.0 arm64
c
c ---- [ proving ] -----------------------------------------------------------
c
c opened and writing proof to DRAT file:
c
c   data/theorem-b/repo/sat/b3_n5.drat
c
c ---- [ parsing ] -----------------------------------------------------------
c
c opened and reading DIMACS file:
c
c   data/theorem-b/repo/sat/b3_n5.cnf
c
c parsed 'p cnf 10 120' header
c closing input after reading 1177 bytes (1 KB)
c finished parsing after 0.00 seconds
c
c ---- [ solving ] -----------------------------------------------------------
c
c seconds switched rate     size/glue tier1 binary   remaining
c        MB reductions conflicts size  tier2 irredundant
c         level restarts redundant glue  trail   variables
c
c *  0.00  2 0 0 0  0 0   0   0 0.0 0 0 0 0 0%  60 60 10 100%
c l  0.00  2 0 0 0  0 0   0   0 0.0 0 0 0 0 0%  60 60  0 0%
c 0  0.00  2 0 0 0  0 0   0   0 0.0 0 0 0 0 0%  60 60  0 0%
c
c ---- [ result ] ------------------------------------------------------------
c
s UNSATISFIABLE
c
c ---- [ profiling ] ---------------------------------------------------------
c
c           0.00   13.68 %  parse
c           0.00    5.43 %  lucky
c           0.00    0.00 %  search
c           0.00    0.00 %  simplify
c =============================================
c           0.00  100.00 %  total
c
c ---- [ statistics ] --------------------------------------------------------
c
c conflicts:                                0                0.00 per second
c decisions:                                0                0.00 per conflict
c propagations:                            23             5767    per second
c switched:                                 0                0    interval
c
c ---- [ glue usage ] --------------------------------------------------------
c
c no clauses used at all
c
c ---- [ resources ] ---------------------------------------------------------
c
c maximum-resident-set-size:       1912602624 bytes       1824 MB
c process-time:                                              0.00 seconds
c
c ---- [ shutting down ] -----------------------------------------------------
c
c exit 20
