c ---- [ banner ] ------------------------------------------------------------
c
c Kissat SAT Solver
c 
c Copyright (c) 2021-2024 Armin Biere University of Freiburg
c Copyright (c) 2019-2021 Armin Biere Johannes Kepler University Linz
c 
c Version 4.0.4 8af8e56f174b778aef3aa45af9f739b2a5f492c2
c Apple clang version 16.0.0 (clang-1600.0.26.6) -W -Wall -O3 -DNDEBUG
c Tue Aug 11 03:17:30 PDT 2026 Darwin BUNDLE-HOST 24.1.0 arm64
c
c ---- [ parsing ] -----------------------------------------------------------
c
c opened and reading DIMACS file:
c
c   data/theorem-b/repo/sat/b5_n8.cnf
c
c parsed 'p cnf 28 896' header
c closing input after reading 24319 bytes (24 KB)
c finished parsing after 0.00 seconds
c
c ---- [ solving ] -----------------------------------------------------------
c
c seconds switched rate     size/glue tier1 binary    remaining
c        MB reductions conflicts size  tier2  irredundant
c         level restarts redundant glue  trail    variables
c
c *  0.00  2 0 0 0  0 0   0   0 0.0 0 0 0 0 0% 336 560 28 100%
c lucky in forward setting literals to false
c l  0.00  2 0 0 0  0 0   0   0 0.0 0 0 0 0 0% 336 560 28 100%
c 1  0.00  2 0 0 0  0 0   0   0 0.0 0 0 0 0 0% 336 560 28 100%
c
c ---- [ result ] ------------------------------------------------------------
c
s SATISFIABLE
v -1 2 3 4 5 6 7 8 9 10 11 12 13 -14 15 16 17 18 19 20 21 22 -23 24 25 26 27
v -28 0
c
c ---- [ profiling ] ---------------------------------------------------------
c
c           0.00   50.24 %  parse
c           0.00    8.65 %  lucky
c           0.00    0.00 %  search
c           0.00    0.00 %  simplify
c =============================================
c           0.00  100.00 %  total
c
c ---- [ statistics ] --------------------------------------------------------
c
c conflicts:                                0                0.00 per second
c decisions:                                0                0.00 per conflict
c propagations:                            28             7000    per second
c switched:                                 0                0    interval
c
c ---- [ glue usage ] --------------------------------------------------------
c
c no clauses used at all
c
c ---- [ resources ] ---------------------------------------------------------
c
c maximum-resident-set-size:       2130706432 bytes       2032 MB
c process-time:                                              0.00 seconds
c
c ---- [ shutting down ] -----------------------------------------------------
c
c exit 10
