c ---- [ banner ] ------------------------------------------------------------
c
c Kissat SAT Solver
c 
c Copyright (c) 2021-2024 Armin Biere University of Freiburg
c Copyright (c) 2019-2021 Armin Biere Johannes Kepler University Linz
c 
c Version 4.0.4 8af8e56f174b778aef3aa45af9f739b2a5f492c2
c Apple clang version 16.0.0 (clang-1600.0.26.6) -W -Wall -O3 -DNDEBUG
c Tue Aug 11 03:17:30 PDT 2026 Darwin BUNDLE-HOST 24.1.0 arm64
c
c ---- [ proving ] -----------------------------------------------------------
c
c opened and writing proof to DRAT file:
c
c   data/theorem-b/repo/sat/b7_n13.drat
c
c ---- [ parsing ] -----------------------------------------------------------
c
c opened and reading DIMACS file:
c
c   data/theorem-b/repo/sat/b7_n13.cnf
c
c parsed 'p cnf 78 25740' header
c closing input after reading 2021314 bytes (2 MB)
c finished parsing after 0.01 seconds
c
c ---- [ solving ] -----------------------------------------------------------
c
c seconds switched rate     size/glue tier1  binary      remaining
c        MB reductions conflicts size  tier2    irredundant
c         level restarts redundant glue  trail       variables
c
c *  0.01  6 0 0 0  0 0   0   0 0.0 0 0 0 0 0% 1716 24024 78 100%
c (  0.01  8 0 0 0  0 0   0   0 0.0 0 0 0 0 0% 1716 24024 78 100%
c .  0.01  8 0 0 0  0 0   0   0 0.0 0 0 0 0 0% 1716 24024 78 100%
c f  0.02 12 0 0 0  0 0   0   0 0.0 0 0 0 0 0% 387 24024 144 185%
c )  0.02 12 0 0 0  0 0   0   0 0.0 0 0 0 0 0% 387 24024 144 185%
c {  0.02 12 0 0 0  0 0   0   0 0.0 0 0 2 6 0% 387 24024 144 185%
c -  0.19 13 22 0 1 20 2 1001 562 1.6 26 16 14 23 85% 387 24024 144 185%
c }  0.19 13 22 1 1 20 2 1001 562 1.6 26 16 14 23 85% 387 24024 144 185%
c [  0.19 13 0 1 1 20 0 1001 562 0.0 0 0 2 6 0% 387 24024 144 185%
c B  0.19 13 0 1 1 20 0 1001 562 0.0 0 0 2 6 0% 387 24024 144 185%
c ]  0.35 13 23 2 1 20 1 1919 1217 1.5 28 18 16 22 87% 387 24024 144 185%
c {  0.35 13 22 2 1 20 2 1919 1217 1.6 26 16 14 23 85% 387 24024 144 185%
c -  0.36 13 22 2 2 20 2 2001 1230 1.6 26 16 14 22 86% 387 24024 144 185%
c u  0.53 13 20 2 2 83 2 2671 1629 1.6 25 16 14 22 84% 387 24024 144 185%
c v  0.54 14 20 2 2 83 2 2671 1432 1.6 25 16 14 22 84% 387 24024 144 185%
c w  0.55 14 20 2 2 83 2 2671 1406 1.6 25 16 14 22 84% 387 24024 144 185%
c x  0.56 15 20 2 2 83 2 2671 1405 1.6 25 16 14 22 84% 387 20327 144 185%
c }  0.61 15 20 3 2 83 1 2922 1555 1.5 23 15 14 22 84% 387 20327 144 185%
c [  0.61 15 23 3 2 83 1 2922 1555 1.5 28 18 16 22 87% 387 20327 144 185%
c W  0.61 18 23 3 2 83 1 2922 1555 1.5 28 18 16 22 87% 387 20327 144 185%
c
c seconds  switched rate       size/glue  tier1     binary       remaining
c        MB reductions conflicts     size    tier2     irredundant
c         level restarts  redundant     glue     trail       variables
c
c -  0.68 18 23 3 3 83 1 3415 1827 1.5 27 18 14 23 85% 387 20327 144 185%
c ]  0.82 19 21 4 3 84 1 4317 2442 1.5 25 17 14 23 83% 387 20327 144 185%
c {  0.82 19 20 4 3 84 1 4317 2442 1.5 23 15 14 22 84% 387 20327 144 185%
c -  0.94 19 18 4 4 97 1 5147 2750 1.6 22 14 11 19 85% 387 20327 144 185%
c }  1.19 19 16 5 4 100 1 6670 3810 1.7 21 12 11 19 85% 393 20327 144 185%
c [  1.19 19 21 5 4 100 1 6670 3810 1.5 25 17 14 23 83% 393 20327 144 185%
c I  1.19 19 21 5 4 100 1 6670 3810 1.5 25 17 14 23 83% 393 20327 144 185%
c -  1.26 19 20 5 5 100 1 7147 3684 1.5 23 16 12 21 84% 394 20327 144 185%
c i  1.28 19 19 5 5 100 1 7310 3761 1.5 23 15 12 21 84% 397 20327 143 183%
c u  1.48 22 19 5 5 101 1 8311 4019 1.5 23 15 12 21 85% 389 20327 143 183%
c v  1.51 23 19 5 5 101 1 8311 4006 1.5 23 15 12 21 85% 390 20327 143 183%
c w  1.51 23 19 5 5 101 1 8311 4001 1.5 23 15 12 21 85% 390 20327 143 183%
c x  1.53 23 19 5 5 101 1 8311 4000 1.5 23 15 12 21 85% 390 17803 143 183%
c f  1.59 25 19 5 5 101 1 8311 4000 1.5 23 15 12 21 85% 389 17803 144 185%
c u  1.62 25 19 5 5 101 1 8311 3988 1.5 23 15 12 21 85% 390 17803 144 185%
c v  1.64 26 19 5 5 101 1 8311 3971 1.5 23 15 12 21 85% 390 17803 144 185%
c w  1.65 26 19 5 5 101 1 8311 3966 1.5 23 15 12 21 85% 390 17803 144 185%
c x  1.67 26 19 5 5 101 1 8311 3965 1.5 23 15 12 21 85% 390 14805 144 185%
c t  1.67 27 19 5 5 101 1 8311 3965 1.5 23 15 12 21 85% 389 14805 144 185%
c ]  1.77 27 19 6 5 102 1 8905 4356 1.5 23 15 12 21 85% 389 14805 144 185%
c
c seconds  switched  rate       size/glue  tier1     binary       remaining
c        MB reductions conflicts      size    tier2     irredundant
c         level restarts   redundant     glue     trail       variables
c
c {  1.77 27 16 6 5 102 1 8905 4356 1.7 21 12 11 19 85% 389 14805 144 185%
c -  1.83 27 15 6 6 102 1 9384 3924 1.8 21 12 8 17 86% 390 14805 144 185%
c i  1.86 27 15 6 6 102 1 9666 4030 1.8 20 11 8 17 86% 408 14805 110 141%
c i  1.93 27 14 6 6 102 1 10143 4310 1.8 19 10 8 17 86% 423 14805 95 122%
c o  1.93 27 14 6 6 102 1 10143 4310 1.8 19 10 8 17 86% 423 14805 95 122%
c i  1.93 27 14 6 6 102 1 10159 4311 1.8 19 10 8 17 86% 430 14805 94 121%
c i  1.93 27 14 6 6 102 1 10167 4311 1.8 19 10 8 17 86% 435 14805 93 119%
c i  1.93 27 14 6 6 102 1 10177 4311 1.8 19 10 8 17 86% 442 14805 92 118%
c i  1.93 27 14 6 6 102 1 10186 4313 1.8 19 10 8 17 86% 445 14805 91 117%
c i  1.93 27 14 6 6 102 1 10195 4314 1.8 19 10 8 17 86% 449 14805 90 115%
c i  1.93 27 14 6 6 102 1 10202 4314 1.8 18 10 8 17 86% 454 14805 89 114%
c i  1.93 27 14 6 6 102 1 10209 4315 1.8 18 10 8 17 85% 458 14805 88 113%
c i  1.94 27 14 6 6 102 1 10216 4316 1.8 18 10 8 17 85% 461 14805 87 112%
c i  1.94 27 13 6 6 102 1 10236 4324 1.8 18 10 8 17 85% 466 14805 68 87%
c i  1.94 27 13 6 6 102 1 10237 4324 1.8 18 10 8 17 85% 466 14805 63 81%
c }  1.94 27 13 6 6 102 1 10239 4324 1.8 18 10 8 17 85% 466 14805 53 68%
c 0  1.94 27 13 6 6 102 1 10239 4324 1.8 18 10 8 17 85% 466 14805 53 68%
c
c ---- [ result ] ------------------------------------------------------------
c
s UNSATISFIABLE
c
c ---- [ profiling ] ---------------------------------------------------------
c
c           1.65   85.00 %  search
c           0.92   47.25 %  focused
c           0.73   37.75 %  stable
c           0.27   14.15 %  probe
c           0.27   13.78 %  simplify
c           0.20   10.21 %  vivify
c           0.06    3.05 %  sweep
c           0.01    0.49 %  preprocess
c           0.01    0.39 %  congruence
c           0.01    0.37 %  substitute
c           0.01    0.36 %  lucky
c           0.01    0.34 %  parse
c           0.00    0.14 %  reduce
c           0.00    0.12 %  walking
c           0.00    0.08 %  factor
c           0.00    0.02 %  backbone
c           0.00    0.02 %  transitive
c =============================================
c           1.94  100.00 %  total
c
c ---- [ statistics ] --------------------------------------------------------
c
c conflicts:                            10239             5274.25 per second
c decisions:                            12406                1.21 per conflict
c factored:                                67               86 %  variables
c iterations:                              14               18 %  variables
c propagations:                        477331           245880    per second
c reductions:                               6             1706    interval
c reordered:                                1            10239    interval
c rephased:                                 3             3413    interval
c restarts:                               102              100    interval
c switched:                                 6             1706    interval
c vivified:                              9856               93 %  checks
c walks:                                    1            10239    interval
c
c ---- [ glue usage ] --------------------------------------------------------
c
c focused glue 7    used  661 clauses  6.66% accumulated 51.80% tier1
c focused glue 8    used  695 clauses  7.00% accumulated 58.80%
c focused glue 9-14 used 2661 clauses 26.80% accumulated 85.60%
c focused glue 15   used  279 clauses  2.81% accumulated 88.41%
c focused glue 16   used  235 clauses  2.37% accumulated 90.77% tier2
c
c stable glue 10    used  597 clauses  6.83% accumulated 51.10% tier1
c stable glue 11    used  478 clauses  5.47% accumulated 56.57%
c stable glue 12-19 used 2656 clauses 30.40% accumulated 86.96%
c stable glue 20    used  211 clauses  2.41% accumulated 89.38%
c stable glue 21    used  182 clauses  2.08% accumulated 91.46% tier2
c
c ---- [ resources ] ---------------------------------------------------------
c
c maximum-resident-set-size:      29142024192 bytes      27792 MB
c process-time:                             2s               1.94 seconds
c
c ---- [ shutting down ] -----------------------------------------------------
c
c exit 20
